---
source: src/alloc_yes/dkim_signatures.rs
expression: "&status"
---
DkimSignatures {
    dkim_signatures: [
        DkimSignature {
            v: One,
            a: Rsa_Sha256,
            b: "Dq3hIIXBcR1H/QgIVhiVz1Fk7pud9UDd5qehFz+xcy1mKCTfyi\r\n Mb2JrJKNk6APVI85kdlC9yCbu9qWBz3p8UaCJG17eIKVHfufzpW/EqG/VbdO00gdu6Ucr16KmqX\r\n fs5bMV+ReHvbxjTIRT7OPeyQGEzpt1bHqOuxz2ht8qD2N4ij9n7xalYOB/zouytNvf7gQ9fpaD3\r\n V2vS1jnnrECcTEZq5EkjkmNPZG5tIyDBcg4kWC8X7Y4iCWccCYR6CkYPR3bPL59y19R/Qi54pt/\r\n 1BizRB4JWzgzcBbiLMemwKevNrijS1fHZEXd6K+Vyw/u3/JZSec2K/E9Dk5n4dp5mEA==",
            bh: "g3zLYH4xKxcPrHOD18z9Yfp\r\n Qcnk/GaJedfustWU5uGs=",
            c: Some(
                Unknown(
                    "relaxed/relaxed",
                ),
            ),
            d: "arewe.at",
            h: "Subject:From:To:Date:Message-ID",
            i: None,
            l: None,
            q: None,
            s: "202405r",
            t: Some(
                Raw(
                    "1717678506",
                ),
            ),
            x: None,
            z: None,
            raw: Some(
                "v=1; a=rsa-sha256; s=202405r; d=arewe.at; c=relaxed/relaxed;\r\n h=Subject:From:To:Date:Message-ID; t=1717678506; bh=g3zLYH4xKxcPrHOD18z9Yfp\r\n Qcnk/GaJedfustWU5uGs=; b=Dq3hIIXBcR1H/QgIVhiVz1Fk7pud9UDd5qehFz+xcy1mKCTfyi\r\n Mb2JrJKNk6APVI85kdlC9yCbu9qWBz3p8UaCJG17eIKVHfufzpW/EqG/VbdO00gdu6Ucr16KmqX\r\n fs5bMV+ReHvbxjTIRT7OPeyQGEzpt1bHqOuxz2ht8qD2N4ij9n7xalYOB/zouytNvf7gQ9fpaD3\r\n V2vS1jnnrECcTEZq5EkjkmNPZG5tIyDBcg4kWC8X7Y4iCWccCYR6CkYPR3bPL59y19R/Qi54pt/\r\n 1BizRB4JWzgzcBbiLMemwKevNrijS1fHZEXd6K+Vyw/u3/JZSec2K/E9Dk5n4dp5mEA==;",
            ),
        },
        DkimSignature {
            v: One,
            a: Ed25519_Sha256,
            b: "l7vXbjP4RipLZitIU/b6U++T688hX05ByMmcvSPqgRcFM0InLU\r\n sEe/jp0BoZZV0pEqi1M8NV2ysQvL45O71ECg==",
            bh: "g3zLYH4xKxcPrHOD18z9Yfp\r\n Qcnk/GaJedfustWU5uGs=",
            c: Some(
                Unknown(
                    "relaxed/relaxed",
                ),
            ),
            d: "arewe.at",
            h: "Subject:From:To:Date:Message-ID",
            i: None,
            l: None,
            q: None,
            s: "202405e",
            t: Some(
                Raw(
                    "1717678506",
                ),
            ),
            x: None,
            z: None,
            raw: Some(
                "v=1; a=ed25519-sha256; s=202405e; d=arewe.at; c=relaxed/relaxed;\r\n h=Subject:From:To:Date:Message-ID; t=1717678506; bh=g3zLYH4xKxcPrHOD18z9Yfp\r\n Qcnk/GaJedfustWU5uGs=; b=l7vXbjP4RipLZitIU/b6U++T688hX05ByMmcvSPqgRcFM0InLU\r\n sEe/jp0BoZZV0pEqi1M8NV2ysQvL45O71ECg==;",
            ),
        },
    ],
}
