---
source: src/alloc_yes/dkim_signatures.rs
expression: "&status"
---
DkimSignatures {
    dkim_signatures: [
        Ok(
            DkimSignature {
                v: One,
                a: Rsa_Sha256,
                b: "EToRSuvUfQVP3Bkz ... rTB0t0gYnBVCM=",
                bh: "sEuZGD/pSr7ANysbY3jtdaQ3Xv9xPQtS0m70",
                c: Some(
                    Simple,
                ),
                d: "example.com",
                h: "From:Date:To:Subject:\n          Message-Id:Authentication-Results",
                i: None,
                l: None,
                q: None,
                s: "gatsby",
                t: Some(
                    Raw(
                        "1188964191",
                    ),
                ),
                x: None,
                z: None,
                raw: Some(
                    "v=1; a=rsa-sha256; s=gatsby; d=example.com;\n          t=1188964191; c=simple/simple; h=From:Date:To:Subject:\n          Message-Id:Authentication-Results;\n          bh=sEuZGD/pSr7ANysbY3jtdaQ3Xv9xPQtS0m70;\n          b=EToRSuvUfQVP3Bkz ... rTB0t0gYnBVCM=",
                ),
            },
        ),
    ],
}
