---
source: src/lib.rs
expression: "&status"
---
Ok(
    MessageAuthStatus {
        auth_results: [
            AuthenticationResults {
                host: Some(
                    HostVersion {
                        host: "example.com",
                        version: None,
                    },
                ),
                smtp_auth_result: [],
                spf_result: [],
                dkim_result: [
                    DkimResult {
                        code: Pass,
                        reason: Some(
                            "good signature",
                        ),
                        header_d: None,
                        header_i: Some(
                            "@mail-router.example.net",
                        ),
                        header_b: None,
                        header_a: None,
                        header_s: None,
                        raw: Some(
                            "dkim=pass reason=\"good signature\"\n        header.i=@mail-router.example.net",
                        ),
                    },
                    DkimResult {
                        code: Fail,
                        reason: Some(
                            "bad signature",
                        ),
                        header_d: None,
                        header_i: Some(
                            "@newyork.example.com",
                        ),
                        header_b: None,
                        header_a: None,
                        header_s: None,
                        raw: Some(
                            "dkim=fail reason=\"bad signature\"\n        header.i=@newyork.example.com",
                        ),
                    },
                ],
                iprev_result: [],
                none_done: false,
                raw: Some(
                    "example.com;\n      dkim=pass reason=\"good signature\"\n        header.i=@mail-router.example.net;\n      dkim=fail reason=\"bad signature\"\n        header.i=@newyork.example.com",
                ),
            },
            AuthenticationResults {
                host: Some(
                    HostVersion {
                        host: "example.net",
                        version: None,
                    },
                ),
                smtp_auth_result: [],
                spf_result: [],
                dkim_result: [
                    DkimResult {
                        code: Pass,
                        reason: None,
                        header_d: None,
                        header_i: Some(
                            "@newyork.example.com",
                        ),
                        header_b: None,
                        header_a: None,
                        header_s: None,
                        raw: Some(
                            "dkim=pass (good signature) header.i=@newyork.example.com",
                        ),
                    },
                ],
                iprev_result: [],
                none_done: false,
                raw: Some(
                    "example.net;\n      dkim=pass (good signature) header.i=@newyork.example.com",
                ),
            },
        ],
    },
)
