---
source: src/alloc_yes/dkim_signatures.rs
expression: "&status"
---
DkimSignatures {
    dkim_signatures: [
        DkimSignature {
            v: One,
            a: Rsa_Sha256,
            b: "iJjSseqs+2fAkHZDv7lvc0OlxNORcsgocEhoV72Y0oIrnsJq\n\tPWAePgRmiL5usHnyQufrk0466xPSkop2fQsTZwkethIX8IAjvethjsS/PmuHhy7Z\n\tmMMiIr8qgErlLmv7lSETu3ILriGxexlR3chzuxnMXuZm+blh0JHiNi2TOty7Fgjr\n\t1Wtd94jc3O7ktfpuoYOJ/oqUXtm80K+kjkgwA/ZJR2ofu2MZ46HP9Ats/OFKe2TX\n\tfkQS/vAB0l0Qy3j5TarrAuTGGv5ex87o8toF45RMFxIx87fAsMrTFAIJ3xSeeaqC\n\tOo5mwseNt8LGoBKl+sSBGR2z5Uy6ry4Gcbz7DQ==",
            bh: "+PcDwCxRoef2jeinvITWa8LARNOcNr8z\n\tC4ltRY0Q75c=",
            c: Some(
                Unknown(
                    "relaxed/relaxed",
                ),
            ),
            d: "fastmail.com",
            h: "\n\tcc:content-type:content-type:date:date:from:from:in-reply-to\n\t:message-id:mime-version:reply-to:subject:subject:to:to",
            i: None,
            l: None,
            q: None,
            s: "fm1",
            t: Some(
                Raw(
                    "1717711717",
                ),
            ),
            x: Some(
                Raw(
                    "1717798117",
                ),
            ),
            z: None,
            raw: Some(
                "v=1; a=rsa-sha256; c=relaxed/relaxed; d=fastmail.com; h=\n\tcc:content-type:content-type:date:date:from:from:in-reply-to\n\t:message-id:mime-version:reply-to:subject:subject:to:to; s=fm1;\n\t t=1717711717; x=1717798117; bh=+PcDwCxRoef2jeinvITWa8LARNOcNr8z\n\tC4ltRY0Q75c=; b=iJjSseqs+2fAkHZDv7lvc0OlxNORcsgocEhoV72Y0oIrnsJq\n\tPWAePgRmiL5usHnyQufrk0466xPSkop2fQsTZwkethIX8IAjvethjsS/PmuHhy7Z\n\tmMMiIr8qgErlLmv7lSETu3ILriGxexlR3chzuxnMXuZm+blh0JHiNi2TOty7Fgjr\n\t1Wtd94jc3O7ktfpuoYOJ/oqUXtm80K+kjkgwA/ZJR2ofu2MZ46HP9Ats/OFKe2TX\n\tfkQS/vAB0l0Qy3j5TarrAuTGGv5ex87o8toF45RMFxIx87fAsMrTFAIJ3xSeeaqC\n\tOo5mwseNt8LGoBKl+sSBGR2z5Uy6ry4Gcbz7DQ==",
            ),
        },
        DkimSignature {
            v: One,
            a: Rsa_Sha256,
            b: "V4+v/lTWv46osTseC2jkUaeL51v1tr6Hxm7awblvx0MN3CosG/X\n\tZUNA9tatWo/qAL2LtVKo2jWI4GfpxLbBc3d7Iehs21foB3D4e8mW/hGj8mKWR87R\n\tgHs3MP6Sc9ONpvluEfVchqem74rVBUoOq0HzJJ8rBlaVEX5CiHFxOu97w8XO9H9s\n\t8uP8KNhKz5Rr4dv2UnMsLcp/9kCxrpx/Tnvn/uAW6M74/B7vJUze16FHLjShpNei\n\tCuChwIqIQOJsiAS1Q45p0cAZyszDR+ilbJWSuWZYB1u4slUW4U2IfgdfbDFvoijp\n\tg2LR1w6pPknBCgEtmhHP3jYyERERDNX8bew==",
            bh: "+PcDwCxRoef2jeinvITWa8LARNOcNr8zC4l\n\ttRY0Q75c=",
            c: Some(
                Unknown(
                    "relaxed/relaxed",
                ),
            ),
            d: "\n\tmessagingengine.com",
            h: "cc:content-type:content-type:date:date\n\t:feedback-id:feedback-id:from:from:in-reply-to:message-id\n\t:mime-version:reply-to:subject:subject:to:to:x-me-proxy\n\t:x-me-proxy:x-me-sender:x-me-sender:x-sasl-enc",
            i: None,
            l: None,
            q: None,
            s: "fm1",
            t: Some(
                Raw(
                    "\n\t1717711717",
                ),
            ),
            x: Some(
                Raw(
                    "1717798117",
                ),
            ),
            z: None,
            raw: Some(
                "v=1; a=rsa-sha256; c=relaxed/relaxed; d=\n\tmessagingengine.com; h=cc:content-type:content-type:date:date\n\t:feedback-id:feedback-id:from:from:in-reply-to:message-id\n\t:mime-version:reply-to:subject:subject:to:to:x-me-proxy\n\t:x-me-proxy:x-me-sender:x-me-sender:x-sasl-enc; s=fm1; t=\n\t1717711717; x=1717798117; bh=+PcDwCxRoef2jeinvITWa8LARNOcNr8zC4l\n\ttRY0Q75c=; b=V4+v/lTWv46osTseC2jkUaeL51v1tr6Hxm7awblvx0MN3CosG/X\n\tZUNA9tatWo/qAL2LtVKo2jWI4GfpxLbBc3d7Iehs21foB3D4e8mW/hGj8mKWR87R\n\tgHs3MP6Sc9ONpvluEfVchqem74rVBUoOq0HzJJ8rBlaVEX5CiHFxOu97w8XO9H9s\n\t8uP8KNhKz5Rr4dv2UnMsLcp/9kCxrpx/Tnvn/uAW6M74/B7vJUze16FHLjShpNei\n\tCuChwIqIQOJsiAS1Q45p0cAZyszDR+ilbJWSuWZYB1u4slUW4U2IfgdfbDFvoijp\n\tg2LR1w6pPknBCgEtmhHP3jYyERERDNX8bew==",
            ),
        },
    ],
}
