---
source: src/lib.rs
expression: "&status"
---
Ok(
    MessageAuthStatus {
        results: [
            AuthenticationResults {
                host: Some(
                    HostVersion {
                        host: "example.com",
                        version: None,
                    },
                ),
                smtp_auth_result: [
                    SmtpAuthResult {
                        code: Pass,
                        smtp_auth: Some(
                            "sender@example.net",
                        ),
                        smtp_mailfrom: None,
                        raw: Some(
                            "auth=pass (cram-md5) smtp.auth=sender@example.net",
                        ),
                    },
                ],
                spf_result: [
                    SpfResult {
                        code: Pass,
                        reason: None,
                        smtp_mailfrom: Some(
                            "example.net",
                        ),
                        smtp_helo: None,
                        raw: Some(
                            "spf=pass smtp.mailfrom=example.net",
                        ),
                    },
                ],
                dkim_result: [],
                iprev_result: [],
                none_done: false,
                raw: Some(
                    "example.com;\n          auth=pass (cram-md5) smtp.auth=sender@example.net;\n          spf=pass smtp.mailfrom=example.net",
                ),
            },
            AuthenticationResults {
                host: Some(
                    HostVersion {
                        host: "example.com",
                        version: None,
                    },
                ),
                smtp_auth_result: [],
                spf_result: [],
                dkim_result: [],
                iprev_result: [
                    IpRevResult {
                        code: Pass,
                        reason: None,
                        policy_iprev: Some(
                            "192.0.2.200",
                        ),
                        raw: Some(
                            "iprev=pass\n          policy.iprev=192.0.2.200",
                        ),
                    },
                ],
                none_done: false,
                raw: Some(
                    "example.com; iprev=pass\n          policy.iprev=192.0.2.200",
                ),
            },
        ],
        dkim_signatures: [],
    },
)
